mode: atomic
p2p-wallet/internal/usecase/transfer.go:36.20,44.2 1 10
p2p-wallet/internal/usecase/transfer.go:46.103,47.23 1 10
p2p-wallet/internal/usecase/transfer.go:47.23,49.3 1 1
p2p-wallet/internal/usecase/transfer.go:50.2,50.44 1 9
p2p-wallet/internal/usecase/transfer.go:50.44,52.3 1 1
p2p-wallet/internal/usecase/transfer.go:54.2,66.69 5 8
p2p-wallet/internal/usecase/transfer.go:66.69,68.26 2 7
p2p-wallet/internal/usecase/transfer.go:68.26,70.18 2 13
p2p-wallet/internal/usecase/transfer.go:70.18,72.5 1 2
p2p-wallet/internal/usecase/transfer.go:73.4,73.19 1 11
p2p-wallet/internal/usecase/transfer.go:76.3,79.52 3 5
p2p-wallet/internal/usecase/transfer.go:79.52,81.4 1 1
p2p-wallet/internal/usecase/transfer.go:82.3,82.51 1 4
p2p-wallet/internal/usecase/transfer.go:82.51,84.4 1 0
p2p-wallet/internal/usecase/transfer.go:86.3,86.68 1 4
p2p-wallet/internal/usecase/transfer.go:86.68,88.4 1 1
p2p-wallet/internal/usecase/transfer.go:89.3,89.66 1 3
p2p-wallet/internal/usecase/transfer.go:89.66,91.4 1 0
p2p-wallet/internal/usecase/transfer.go:93.3,94.17 2 3
p2p-wallet/internal/usecase/transfer.go:94.17,96.4 1 0
p2p-wallet/internal/usecase/transfer.go:98.3,98.57 1 3
p2p-wallet/internal/usecase/transfer.go:98.57,100.4 1 1
p2p-wallet/internal/usecase/transfer.go:102.3,102.13 1 2
p2p-wallet/internal/usecase/transfer.go:105.2,105.16 1 8
p2p-wallet/internal/usecase/transfer.go:105.16,111.3 2 6
p2p-wallet/internal/usecase/transfer.go:113.2,117.50 2 2
p2p-wallet/internal/domain/entity.go:13.44,14.17 1 4
p2p-wallet/internal/domain/entity.go:14.17,16.3 1 2
p2p-wallet/internal/domain/entity.go:17.2,17.24 1 2
p2p-wallet/internal/domain/entity.go:17.24,19.3 1 1
p2p-wallet/internal/domain/entity.go:20.2,22.12 3 1
p2p-wallet/internal/domain/entity.go:25.45,26.17 1 3
p2p-wallet/internal/domain/entity.go:26.17,28.3 1 2
p2p-wallet/internal/domain/entity.go:29.2,31.12 3 1
p2p-wallet/internal/domain/entity.go:50.78,51.17 1 4
p2p-wallet/internal/domain/entity.go:51.17,53.3 1 2
p2p-wallet/internal/domain/entity.go:54.2,54.16 1 2
p2p-wallet/internal/domain/entity.go:54.16,56.3 1 1
p2p-wallet/internal/domain/entity.go:57.2,64.8 1 1
p2p-wallet/internal/infra/logger/logger.go:13.41,15.2 1 4
p2p-wallet/internal/infra/logger/logger.go:17.72,19.2 1 2
p2p-wallet/internal/infra/logger/logger.go:21.55,24.2 2 5
p2p-wallet/internal/infra/logger/logger.go:30.44,34.2 1 4
p2p-wallet/internal/infra/logger/logger.go:36.71,38.2 1 3
p2p-wallet/internal/infra/logger/logger.go:40.68,41.49 1 3
p2p-wallet/internal/infra/logger/logger.go:41.49,43.3 1 1
p2p-wallet/internal/infra/logger/logger.go:44.2,44.31 1 3
p2p-wallet/internal/infra/logger/logger.go:47.61,49.2 1 1
p2p-wallet/internal/infra/logger/logger.go:51.55,53.2 1 1
p2p-wallet/internal/infra/postgres/transaction_repo.go:15.66,17.2 1 3
p2p-wallet/internal/infra/postgres/transaction_repo.go:19.90,21.16 2 3
p2p-wallet/internal/infra/postgres/transaction_repo.go:21.16,23.3 1 1
p2p-wallet/internal/infra/postgres/transaction_repo.go:25.2,30.16 2 2
p2p-wallet/internal/infra/postgres/transaction_repo.go:30.16,32.3 1 1
p2p-wallet/internal/infra/postgres/transaction_repo.go:33.2,33.12 1 1
p2p-wallet/internal/infra/postgres/tx_manager.go:17.42,19.2 1 14
p2p-wallet/internal/infra/postgres/tx_manager.go:21.92,23.16 2 14
p2p-wallet/internal/infra/postgres/tx_manager.go:23.16,25.3 1 1
p2p-wallet/internal/infra/postgres/tx_manager.go:27.2,29.34 2 13
p2p-wallet/internal/infra/postgres/tx_manager.go:29.34,30.43 1 7
p2p-wallet/internal/infra/postgres/tx_manager.go:30.43,32.4 1 1
p2p-wallet/internal/infra/postgres/tx_manager.go:33.3,33.13 1 6
p2p-wallet/internal/infra/postgres/tx_manager.go:36.2,36.36 1 6
p2p-wallet/internal/infra/postgres/tx_manager.go:36.36,38.3 1 1
p2p-wallet/internal/infra/postgres/tx_manager.go:39.2,39.12 1 5
p2p-wallet/internal/infra/postgres/tx_manager.go:42.54,44.22 2 12
p2p-wallet/internal/infra/postgres/tx_manager.go:44.22,46.3 1 3
p2p-wallet/internal/infra/postgres/tx_manager.go:47.2,47.16 1 9
p2p-wallet/internal/infra/postgres/wallet_repo.go:15.56,17.2 1 9
p2p-wallet/internal/infra/postgres/wallet_repo.go:19.102,21.16 2 5
p2p-wallet/internal/infra/postgres/wallet_repo.go:21.16,23.3 1 1
p2p-wallet/internal/infra/postgres/wallet_repo.go:25.2,31.26 3 4
p2p-wallet/internal/infra/postgres/wallet_repo.go:31.26,33.3 1 1
p2p-wallet/internal/infra/postgres/wallet_repo.go:34.2,34.16 1 3
p2p-wallet/internal/infra/postgres/wallet_repo.go:34.16,36.3 1 1
p2p-wallet/internal/infra/postgres/wallet_repo.go:37.2,37.15 1 2
p2p-wallet/internal/infra/postgres/wallet_repo.go:40.92,42.16 2 4
p2p-wallet/internal/infra/postgres/wallet_repo.go:42.16,44.3 1 1
p2p-wallet/internal/infra/postgres/wallet_repo.go:46.2,50.16 2 3
p2p-wallet/internal/infra/postgres/wallet_repo.go:50.16,52.3 1 1
p2p-wallet/internal/infra/postgres/wallet_repo.go:54.2,55.16 2 2
p2p-wallet/internal/infra/postgres/wallet_repo.go:55.16,57.3 1 0
p2p-wallet/internal/infra/postgres/wallet_repo.go:58.2,58.15 1 2
p2p-wallet/internal/infra/postgres/wallet_repo.go:58.15,60.3 1 1
p2p-wallet/internal/infra/postgres/wallet_repo.go:61.2,61.12 1 1
p2p-wallet/internal/delivery/http/handler.go:32.92,34.2 1 9
p2p-wallet/internal/delivery/http/handler.go:36.77,37.33 1 9
p2p-wallet/internal/delivery/http/handler.go:37.33,40.3 2 1
p2p-wallet/internal/delivery/http/handler.go:42.2,43.61 2 8
p2p-wallet/internal/delivery/http/handler.go:43.61,46.3 2 1
p2p-wallet/internal/delivery/http/handler.go:48.2,48.52 1 7
p2p-wallet/internal/delivery/http/handler.go:48.52,51.3 2 1
p2p-wallet/internal/delivery/http/handler.go:53.2,59.16 2 6
p2p-wallet/internal/delivery/http/handler.go:59.16,62.3 2 5
p2p-wallet/internal/delivery/http/handler.go:64.2,64.81 1 1
p2p-wallet/internal/delivery/http/handler.go:67.73,68.9 1 5
p2p-wallet/internal/delivery/http/handler.go:69.47,70.73 1 1
p2p-wallet/internal/delivery/http/handler.go:71.44,72.73 1 1
p2p-wallet/internal/delivery/http/handler.go:73.51,74.82 1 1
p2p-wallet/internal/delivery/http/handler.go:75.48,76.71 1 1
p2p-wallet/internal/delivery/http/handler.go:77.10,79.94 2 1
p2p-wallet/internal/delivery/http/handler.go:83.58,87.2 3 9
p2p-wallet/internal/delivery/http/middleware.go:12.53,13.71 1 2
p2p-wallet/internal/delivery/http/middleware.go:13.71,17.37 4 2
p2p-wallet/internal/delivery/http/middleware.go:17.37,20.4 2 1
p2p-wallet/internal/delivery/http/middleware.go:21.3,21.23 1 1
p2p-wallet/internal/delivery/http/middleware.go:25.60,26.46 1 2
p2p-wallet/internal/delivery/http/middleware.go:26.46,27.72 1 2
p2p-wallet/internal/delivery/http/middleware.go:27.72,29.17 2 2
p2p-wallet/internal/delivery/http/middleware.go:29.17,31.5 1 1
p2p-wallet/internal/delivery/http/middleware.go:32.4,34.41 3 2
p2p-wallet/internal/delivery/http/middleware.go:39.53,40.46 1 1
p2p-wallet/internal/delivery/http/middleware.go:40.46,41.72 1 1
p2p-wallet/internal/delivery/http/middleware.go:41.72,42.17 1 1
p2p-wallet/internal/delivery/http/middleware.go:42.17,43.37 1 1
p2p-wallet/internal/delivery/http/middleware.go:43.37,48.6 2 1
p2p-wallet/internal/delivery/http/middleware.go:50.4,50.24 1 1
p2p-wallet/internal/delivery/http/middleware.go:55.68,56.45 1 1
p2p-wallet/internal/delivery/http/middleware.go:56.45,58.3 1 2
p2p-wallet/internal/delivery/http/middleware.go:59.2,59.10 1 1
